------------------------------------------------------------
Timing Analyzer Summary
------------------------------------------------------------

Type  : Slow 1200mV 85C Model Setup 'clk'
Slack : -4.396
TNS   : -51.913

Type  : Slow 1200mV 85C Model Setup 'divisor_freq:clock_1sec|switch'
Slack : -4.235
TNS   : -338.594

Type  : Slow 1200mV 85C Model Hold 'clk'
Slack : 0.418
TNS   : 0.000

Type  : Slow 1200mV 85C Model Hold 'divisor_freq:clock_1sec|switch'
Slack : 0.508
TNS   : 0.000

Type  : Slow 1200mV 85C Model Minimum Pulse Width 'clk'
Slack : -3.000
TNS   : -39.478

Type  : Slow 1200mV 85C Model Minimum Pulse Width 'divisor_freq:clock_1sec|switch'
Slack : -1.403
TNS   : -133.285

Type  : Slow 1200mV 0C Model Setup 'clk'
Slack : -4.029
TNS   : -45.620

Type  : Slow 1200mV 0C Model Setup 'divisor_freq:clock_1sec|switch'
Slack : -3.850
TNS   : -304.278

Type  : Slow 1200mV 0C Model Hold 'clk'
Slack : 0.385
TNS   : 0.000

Type  : Slow 1200mV 0C Model Hold 'divisor_freq:clock_1sec|switch'
Slack : 0.459
TNS   : 0.000

Type  : Slow 1200mV 0C Model Minimum Pulse Width 'clk'
Slack : -3.000
TNS   : -39.478

Type  : Slow 1200mV 0C Model Minimum Pulse Width 'divisor_freq:clock_1sec|switch'
Slack : -1.403
TNS   : -133.285

Type  : Fast 1200mV 0C Model Setup 'clk'
Slack : -1.405
TNS   : -8.532

Type  : Fast 1200mV 0C Model Setup 'divisor_freq:clock_1sec|switch'
Slack : -1.200
TNS   : -89.032

Type  : Fast 1200mV 0C Model Hold 'clk'
Slack : 0.165
TNS   : 0.000

Type  : Fast 1200mV 0C Model Hold 'divisor_freq:clock_1sec|switch'
Slack : 0.188
TNS   : 0.000

Type  : Fast 1200mV 0C Model Minimum Pulse Width 'clk'
Slack : -3.000
TNS   : -29.808

Type  : Fast 1200mV 0C Model Minimum Pulse Width 'divisor_freq:clock_1sec|switch'
Slack : -1.000
TNS   : -95.000

------------------------------------------------------------
